// Jest Snapshot v1, https://goo.gl/fbAQLP

exports[`should render FeedbackMessage with default values 1`] = `
<Fragment>
  <Styled(p) />
  <Styled(p) />
</Fragment>
`;
