// Jest Snapshot v1, https://goo.gl/fbAQLP

exports[`should render SubmitButton correctly 1`] = `
<Fragment>
  <Styled(button)>
    Submit
  </Styled(button)>
</Fragment>
`;
